// Jest Snapshot v1, https://goo.gl/fbAQLP

exports[`Timer matches snapshot 1`] = `
<div
  class="sc-AxjAm fNVAia"
  data-testid="component-timer"
/>
`;
