// Jest Snapshot v1, https://goo.gl/fbAQLP

exports[`AdditionalInfo matches snapshot 1`] = `
<div
  class="sc-AxjAm bGCVHy additional-info"
  data-testid="component-additional-info"
/>
`;
