// Jest Snapshot v1, https://goo.gl/fbAQLP

exports[`LineLoader matches snapshot 1`] = `null`;
