// Jest Snapshot v1, https://goo.gl/fbAQLP

exports[`Svg matches snapshot 1`] = `
<span
  class="sc-AxjAm inReEw"
  data-testid="component-svg"
  size="2"
/>
`;
