// Jest Snapshot v1, https://goo.gl/fbAQLP

exports[`ButtonLoader matches snapshot 1`] = `null`;
